// Jest Snapshot v1, https://goo.gl/fbAQLP

exports[`Should WithReviewForm render correctly 1`] = `<div />`;
