// Jest Snapshot v1, https://goo.gl/fbAQLP

exports[`Should WithFilmCard render correctly 1`] = `<div />`;
