// Jest Snapshot v1, https://goo.gl/fbAQLP

exports[`Should GenresList render correctly 1`] = `
Array [
  <ul
    className="catalog__genres-list"
  >
    <li
      className="catalog__genres-item catalog__genres-item--active"
      onClick={[Function]}
    >
      <a
        className="catalog__genres-link"
      >
        All
      </a>
    </li>
    <li
      className="catalog__genres-item "
      onClick={[Function]}
    >
      <a
        className="catalog__genres-link"
      >
        Action
      </a>
    </li>
    <li
      className="catalog__genres-item "
      onClick={[Function]}
    >
      <a
        className="catalog__genres-link"
      >
        Drama
      </a>
    </li>
  </ul>,
  <div
    className="catalog__movies-list"
  >
    <article
      className="small-movie-card catalog__movies-card"
      onMouseEnter={[Function]}
      onMouseLeave={[Function]}
    >
      <a
        className="small-movie-card__link"
        href="/films/1"
        onClick={[Function]}
      >
        <div
          className="small-movie-card__image"
        >
          <video
            height="175"
            muted={true}
            poster="https://assets.htmlacademy.ru/intensives/javascript-3/film/preview/bronson.jpg"
            src="https://upload.wikimedia.org/wikipedia/commons/transcoded/b/b3/Big_Buck_Bunny_Trailer_400p.ogv/Big_Buck_Bunny_Trailer_400p.ogv.360p.webm"
            width="280"
          />
        </div>
        <h3
          className="small-movie-card__title"
        >
          <span>
            Bronson
          </span>
        </h3>
      </a>
    </article>
    <article
      className="small-movie-card catalog__movies-card"
      onMouseEnter={[Function]}
      onMouseLeave={[Function]}
    >
      <a
        className="small-movie-card__link"
        href="/films/2"
        onClick={[Function]}
      >
        <div
          className="small-movie-card__image"
        >
          <video
            height="175"
            muted={true}
            poster="https://assets.htmlacademy.ru/intensives/javascript-3/film/preview/bronson.jpg"
            src="https://upload.wikimedia.org/wikipedia/commons/transcoded/b/b3/Big_Buck_Bunny_Trailer_400p.ogv/Big_Buck_Bunny_Trailer_400p.ogv.360p.webm"
            width="280"
          />
        </div>
        <h3
          className="small-movie-card__title"
        >
          <span>
            Bronson
          </span>
        </h3>
      </a>
    </article>
  </div>,
  <div
    className="catalog__more"
  >
    
  </div>,
]
`;
