// Jest Snapshot v1, https://goo.gl/fbAQLP

exports[`Should Root render correctly 1`] = `null`;
