// Jest Snapshot v1, https://goo.gl/fbAQLP

exports[`Should WithFilmsList render correctly 1`] = `<div />`;
