// Jest Snapshot v1, https://goo.gl/fbAQLP

exports[`Should WithFilmTabs render correctly 1`] = `<div />`;
